2026-10-09 16:47:11 INFO  (LoggingInitialization) Using log config file: jar:file:/tmp/jaec-toolchain-20261009/ghidra-minimal/ghidra_12.1.4_PUBLIC/Ghidra/Framework/Generic/lib/Generic.jar!/generic.log4j.xml  
2026-10-09 16:47:11 INFO  (LoggingInitialization) Using log file: /home/nd/nova/experiments/jaec-reverse-20261009/analysis/ghidra-analysis.log  
2026-10-09 16:47:11 DEBUG (GhidraObjectInputFilter) Including serial input filter: FileSystem/data/client.rmi.serial.filter  
2026-10-09 16:47:11 INFO  (Preferences) Loading user preferences: /tmp/jaec-toolchain-20261009/java-home/.config/ghidra/ghidra_12.1.4_PUBLIC/preferences  
2026-10-09 16:47:11 INFO  (ClassSearcher) Searching for classes...  
2026-10-09 16:47:11 INFO  (ClassSearcher) Class search complete (209 ms)  
2026-10-09 16:47:11 INFO  (DefaultSSLContextInitializer) Initializing SSL Context  
2026-10-09 16:47:11 INFO  (SecureRandomFactory) Initializing Random Number Generator...  
2026-10-09 16:47:11 INFO  (SecureRandomFactory) Random Number Generator initialization complete: NativePRNGNonBlocking  
2026-10-09 16:47:11 INFO  (DefaultTrustManagerFactory) Trust manager disabled, cacerts have not been set  
2026-10-09 16:47:11 INFO  (FileCacheMaintenanceDaemon) Starting cache cleanup: /tmp/nd-ghidra/fscache2  
2026-10-09 16:47:11 INFO  (FileCacheMaintenanceDaemon) Finished cache cleanup, estimated storage used: 0  
2026-10-09 16:47:11 INFO  (AnalyzeHeadless) Headless startup complete (761 ms)  
2026-10-09 16:47:11 INFO  (ClassSearcher) Class searcher loaded 9 extension points (4 false positives)  
2026-10-09 16:47:11 INFO  (HeadlessAnalyzer) HEADLESS Script Paths:
    /tmp/jaec-toolchain-20261009/ghidra-minimal/ghidra_12.1.4_PUBLIC/Ghidra/Features/BytePatterns/ghidra_scripts
    /tmp/jaec-toolchain-20261009/ghidra-minimal/ghidra_12.1.4_PUBLIC/Ghidra/Features/Base/ghidra_scripts
    /tmp/jaec-toolchain-20261009/ghidra-minimal/ghidra_12.1.4_PUBLIC/Ghidra/Features/GnuDemangler/ghidra_scripts
    /tmp/jaec-toolchain-20261009/ghidra-minimal/ghidra_12.1.4_PUBLIC/Ghidra/Features/Decompiler/ghidra_scripts
    /home/nd/nova/experiments/jaec-reverse-20261009/tools  
2026-10-09 16:47:11 INFO  (HeadlessAnalyzer) HEADLESS: execution starts  
2026-10-09 16:47:11 INFO  (HeadlessAnalyzer) Creating project: /home/nd/nova/experiments/jaec-reverse-20261009/analysis/ghidra-project/jaec  
2026-10-09 16:47:11 DEBUG (DefaultProjectManager) No tools found; Installing default tools  
2026-10-09 16:47:11 DEBUG (DefaultProjectManager) 	no recent project directories found  
2026-10-09 16:47:11 ERROR (DefaultProjectManager) Could not find default tools for project.  
2026-10-09 16:47:11 INFO  (DefaultProject) Creating project: /home/nd/nova/experiments/jaec-reverse-20261009/analysis/ghidra-project/jaec  
2026-10-09 16:47:11 INFO  (HeadlessAnalyzer) REPORT: Processing input files:   
2026-10-09 16:47:11 INFO  (HeadlessAnalyzer)      project: /home/nd/nova/experiments/jaec-reverse-20261009/analysis/ghidra-project/jaec  
2026-10-09 16:47:11 INFO  (HeadlessAnalyzer) IMPORTING: file:///home/nd/nova/experiments/jaec-reverse-20261009/original/jaec_x86.so  
2026-10-09 16:47:12 DEBUG (SleighLanguage) Sleigh compile: -DBaseDir=/tmp/jaec-toolchain-20261009/ghidra-minimal/ghidra_12.1.4_PUBLIC/ -i /tmp/jaec-toolchain-20261009/ghidra-minimal/ghidra_12.1.4_PUBLIC/Ghidra/Processors/x86/data/sleighArgs.txt /tmp/jaec-toolchain-20261009/ghidra-minimal/ghidra_12.1.4_PUBLIC/Ghidra/Processors/x86/data/languages/x86-64.slaspec /tmp/jaec-toolchain-20261009/ghidra-minimal/ghidra_12.1.4_PUBLIC/Ghidra/Processors/x86/data/languages/x86-64.sla   
2026-10-09 16:47:13 WARN  (SleighCompile) 390 NOP constructors found  
2026-10-09 16:47:13 WARN  (SleighCompile) Use -n switch to list each individually  
2026-10-09 16:47:13 WARN  (SleighCompile) ia.sinc:1029: Table 'pcRelSimm32_32' exports size 0  
2026-10-09 16:47:13 WARN  (SleighCompile) ia.sinc:1028: Table 'pcRelSimm32' exports size 0  
2026-10-09 16:47:13 WARN  (SleighCompile) 745 unnecessary extensions/truncations were converted to copies  
2026-10-09 16:47:13 WARN  (SleighCompile) Use -u switch to list each individually  
2026-10-09 16:47:13 WARN  (SleighCompile) 18 operations wrote to temporaries that were not read  
2026-10-09 16:47:13 WARN  (SleighCompile) Use -t switch to list each individually  
2026-10-09 16:47:13 WARN  (SleighCompile) ia.sinc:933: Unreferenced table: 'imm32_64'  
2026-10-09 16:47:14 INFO  (ProgramLoader) Using Loader: Executable and Linking Format (ELF)  
2026-10-09 16:47:14 INFO  (ProgramLoader) Using Language/Compiler: x86:LE:64:default:gcc  
2026-10-09 16:47:14 INFO  (ProgramLoader) Using Library Search Path: [., /bin, /lib, /lib64, /lib/x86_64-linux-gnu, /lib/aarch64-linux-gnu, /usr/bin, /usr/lib, /usr/X11R6/bin, /usr/X11R6/lib, /usr/java/packages/lib, /usr/lib64]  
2026-10-09 16:47:14 DEBUG (ElfHeader) Elf symbol table section .dynsym linked to string table section .dynstr  
2026-10-09 16:47:14 DEBUG (ElfHeader) Elf relocation table section .rela.dyn linked to symbol table section .dynsym affecting PT_LOAD  
2026-10-09 16:47:14 DEBUG (ElfHeader) Elf relocation table section .rela.plt linked to symbol table section .dynsym affecting .got  
2026-10-09 16:47:14 DEBUG (ElfProgramBuilder) Discarding 4-byte alignment/filler segment_2.3 at 0011b0a4  
2026-10-09 16:47:14 DEBUG (ElfProgramBuilder) Discarding 5-byte alignment/filler segment_1.2 at 0010101b  
2026-10-09 16:47:14 DEBUG (ElfProgramBuilder) Discarding 4-byte alignment/filler segment_0.3 at 001002e4  
2026-10-09 16:47:14 DEBUG (ElfProgramBuilder) Discarding 1-byte alignment/filler segment_0.6 at 001007c5  
2026-10-09 16:47:14 DEBUG (ElfProgramBuilder) Discarding 2-byte alignment/filler segment_0.8 at 00100806  
2026-10-09 16:47:15 INFO  (ProgramLoader) Additional info:
Loading file:///home/nd/nova/experiments/jaec-reverse-20261009/original/jaec_x86.so?MD5=a366fbac1b76d9469432d79f522b946a...
ELF Relocation Failure: R_X86_64_DTPMOD64 (16, 0x10) at 0011df40 (Symbol = <no name>) - Thread Local Symbol relocation not supported
Setting block .init_array to read-only
Setting block .fini_array to read-only
Setting block .dynamic to read-only
------------------------------------------------

Linking the External Programs of 'jaec_x86.so' to imported libraries...
  [libm.so.6] -> not found in project
  [libc.so.6] -> not found in project
  [ld-linux-x86-64.so.2] -> not found in project
------------------------------------------------

Resolving External Symbols of [/jaec_x86.so] - 22 unresolved symbols, no external libraries configured - skipping
  
2026-10-09 16:47:15 INFO  (HeadlessAnalyzer) IMPORTING: Loaded 0 additional files  
2026-10-09 16:47:15 INFO  (HeadlessAnalyzer) ANALYZING all memory and code: file:///home/nd/nova/experiments/jaec-reverse-20261009/original/jaec_x86.so  
2026-10-09 16:47:15 INFO  (DecompilerSwitchAnalyzer) hit non-returning function, restarting decompiler switch analyzer later  
2026-10-09 16:47:17 INFO  (PackedDatabaseCache) Packed database cache: /tmp/nd-ghidra/packed-db-cache  
2026-10-09 16:47:17 DEBUG (PackedDatabaseCache) Caching packed database: /tmp/jaec-toolchain-20261009/ghidra-minimal/ghidra_12.1.4_PUBLIC/Ghidra/Features/Base/data/typeinfo/generic/generic_clib_64.gdt  
2026-10-09 16:47:17 DEBUG (PackedDatabase) Unpacking database /tmp/jaec-toolchain-20261009/ghidra-minimal/ghidra_12.1.4_PUBLIC/Ghidra/Features/Base/data/typeinfo/generic/generic_clib_64.gdt -> /tmp/nd-ghidra/packed-db-cache/pdb91AC8708/db.1.gbf  
2026-10-09 16:47:17 DEBUG (PackedDatabaseCache) Cache update completed: /tmp/jaec-toolchain-20261009/ghidra-minimal/ghidra_12.1.4_PUBLIC/Ghidra/Features/Base/data/typeinfo/generic/generic_clib_64.gdt  
2026-10-09 16:47:17 INFO  (ApplyDataArchiveAnalyzer) Applied data type archive: generic_clib_64  
2026-10-09 16:47:18 INFO  (AutoAnalysisManager) -----------------------------------------------------
    ASCII Strings                              0.173 secs
    Apply Data Archives                        0.104 secs
    Call Convention ID                         0.001 secs
    Call-Fixup Installer                       0.007 secs
    Create Address Tables                      0.014 secs
    Create Address Tables - One Time           0.001 secs
    Create Function                            0.004 secs
    Data Reference                             0.009 secs
    Decompiler Switch Analysis                 0.031 secs
    Decompiler Switch Analysis - One Time      1.214 secs
    Demangler GNU                              0.011 secs
    Disassemble                                0.005 secs
    Disassemble Entry Points                   0.523 secs
    ELF Scalar Operand References              0.176 secs
    Embedded Media                             0.003 secs
    External Entry References                  0.001 secs
    Function Start Pre Search                  0.006 secs
    Function Start Search                      0.026 secs
    Function Start Search After Code           0.004 secs
    Function Start Search After Data           0.003 secs
    GCC Exception Handlers                     0.074 secs
    Non-Returning Functions - Discovered       0.014 secs
    Non-Returning Functions - Known            0.001 secs
    Reference                                  0.019 secs
    Shared Return Calls                        0.015 secs
    Stack                                      0.455 secs
    Subroutine References                      0.008 secs
    Subroutine References - One Time           0.000 secs
    x86 Constant Reference Analyzer            0.418 secs
-----------------------------------------------------
     Total Time   3 secs
-----------------------------------------------------
  
2026-10-09 16:47:18 INFO  (HeadlessAnalyzer) REPORT: Analysis succeeded for file: file:///home/nd/nova/experiments/jaec-reverse-20261009/original/jaec_x86.so  
2026-10-09 16:47:18 INFO  (HeadlessAnalyzer) REPORT: Execute script: ExportJAEC.java '/home/nd/nova/experiments/jaec-reverse-20261009/analysis/ghidra'   
2026-10-09 16:47:19 INFO  (HeadlessAnalyzer) SCRIPT: /home/nd/nova/experiments/jaec-reverse-20261009/tools/ExportJAEC.java  
2026-10-09 16:47:22 WARN  (DecompileCallback) Decompiling 0011f000, pcode error at 0011f000: Unable to disassemble EXTERNAL block location: 0011f000  
2026-10-09 16:47:22 WARN  (DecompileCallback) Decompiling 0011f008, pcode error at 0011f008: Unable to disassemble EXTERNAL block location: 0011f008  
2026-10-09 16:47:22 WARN  (DecompileCallback) Decompiling 0011f010, pcode error at 0011f010: Unable to disassemble EXTERNAL block location: 0011f010  
2026-10-09 16:47:22 WARN  (DecompileCallback) Decompiling 0011f018, pcode error at 0011f018: Unable to disassemble EXTERNAL block location: 0011f018  
2026-10-09 16:47:22 WARN  (DecompileCallback) Decompiling 0011f020, pcode error at 0011f020: Unable to disassemble EXTERNAL block location: 0011f020  
2026-10-09 16:47:22 WARN  (DecompileCallback) Decompiling 0011f028, pcode error at 0011f028: Unable to disassemble EXTERNAL block location: 0011f028  
2026-10-09 16:47:22 WARN  (DecompileCallback) Decompiling 0011f030, pcode error at 0011f030: Unable to disassemble EXTERNAL block location: 0011f030  
2026-10-09 16:47:22 WARN  (DecompileCallback) Decompiling 0011f038, pcode error at 0011f038: Unable to disassemble EXTERNAL block location: 0011f038  
2026-10-09 16:47:22 WARN  (DecompileCallback) Decompiling 0011f040, pcode error at 0011f040: Unable to disassemble EXTERNAL block location: 0011f040  
2026-10-09 16:47:22 WARN  (DecompileCallback) Decompiling 0011f048, pcode error at 0011f048: Unable to disassemble EXTERNAL block location: 0011f048  
2026-10-09 16:47:22 WARN  (DecompileCallback) Decompiling 0011f050, pcode error at 0011f050: Unable to disassemble EXTERNAL block location: 0011f050  
2026-10-09 16:47:22 WARN  (DecompileCallback) Decompiling 0011f058, pcode error at 0011f058: Unable to disassemble EXTERNAL block location: 0011f058  
2026-10-09 16:47:22 WARN  (DecompileCallback) Decompiling 0011f060, pcode error at 0011f060: Unable to disassemble EXTERNAL block location: 0011f060  
2026-10-09 16:47:22 WARN  (DecompileCallback) Decompiling 0011f068, pcode error at 0011f068: Unable to disassemble EXTERNAL block location: 0011f068  
2026-10-09 16:47:22 WARN  (DecompileCallback) Decompiling 0011f070, pcode error at 0011f070: Unable to disassemble EXTERNAL block location: 0011f070  
2026-10-09 16:47:22 WARN  (DecompileCallback) Decompiling 0011f078, pcode error at 0011f078: Unable to disassemble EXTERNAL block location: 0011f078  
2026-10-09 16:47:22 WARN  (DecompileCallback) Decompiling 0011f080, pcode error at 0011f080: Unable to disassemble EXTERNAL block location: 0011f080  
2026-10-09 16:47:22 WARN  (DecompileCallback) Decompiling 0011f088, pcode error at 0011f088: Unable to disassemble EXTERNAL block location: 0011f088  
2026-10-09 16:47:22 WARN  (DecompileCallback) Decompiling 0011f090, pcode error at 0011f090: Unable to disassemble EXTERNAL block location: 0011f090  
2026-10-09 16:47:22 WARN  (DecompileCallback) Decompiling 0011f098, pcode error at 0011f098: Unable to disassemble EXTERNAL block location: 0011f098  
2026-10-09 16:47:22 WARN  (DecompileCallback) Decompiling 0011f0a0, pcode error at 0011f0a0: Unable to disassemble EXTERNAL block location: 0011f0a0  
2026-10-09 16:47:22 WARN  (DecompileCallback) Decompiling 0011f0a8, pcode error at 0011f0a8: Unable to disassemble EXTERNAL block location: 0011f0a8  
2026-10-09 16:47:22 WARN  (DecompileCallback) Decompiling 0011f0b0, pcode error at 0011f0b0: Unable to disassemble EXTERNAL block location: 0011f0b0  
2026-10-09 16:47:22 WARN  (DecompileCallback) Decompiling 0011f0b8, pcode error at 0011f0b8: Unable to disassemble EXTERNAL block location: 0011f0b8  
2026-10-09 16:47:22 WARN  (DecompileCallback) Decompiling 0011f0c0, pcode error at 0011f0c0: Unable to disassemble EXTERNAL block location: 0011f0c0  
2026-10-09 16:47:22 INFO  (GhidraScript) ExportJAEC.java> Exported 150 functions to /home/nd/nova/experiments/jaec-reverse-20261009/analysis/ghidra  
2026-10-09 16:47:22 INFO  (HeadlessAnalyzer) ANALYZING changes made by post scripts: file:///home/nd/nova/experiments/jaec-reverse-20261009/original/jaec_x86.so  
2026-10-09 16:47:22 INFO  (HeadlessAnalyzer) REPORT: Post-analysis succeeded for file: file:///home/nd/nova/experiments/jaec-reverse-20261009/original/jaec_x86.so  
2026-10-09 16:47:22 INFO  (LocalFileSystem) /jaec_x86.so: file created (nd)  
2026-10-09 16:47:22 INFO  (HeadlessAnalyzer) REPORT: Save succeeded for: /jaec_x86.so (jaec:/jaec_x86.so)  
2026-10-09 16:47:22 INFO  (HeadlessAnalyzer) REPORT: Import succeeded  
